{"timestamp":"2026-09-18T16:04:29.916Z","level":"info","message":"Database initialized successfully","context":{"path":"/app/applet/data/transcriber.db"}}
{"timestamp":"2026-09-18T16:04:29.918Z","level":"info","message":"Database empty, inserting demonstration jobs across statuses..."}
{"timestamp":"2026-09-18T16:04:29.923Z","level":"info","message":"[JOB CREATED] Job saved to SQLite","context":{"id":4,"status":"pending","chat_id":"-1001998877665","message_id":2012}}
{"timestamp":"2026-09-18T16:04:29.924Z","level":"info","message":"[JOB CREATED] Job saved to SQLite","context":{"id":5,"status":"failed","chat_id":"-1001998877665","message_id":2013}}
{"timestamp":"2026-09-18T16:04:29.924Z","level":"info","message":"Demonstration jobs seeded successfully"}
{"timestamp":"2026-09-18T16:04:29.925Z","level":"info","message":"[TranscriberWorker] Starting centralized MTProto worker service","context":{"bot_target":"speech_transcriber_bot","timeout_seconds":180,"poll_interval_ms":1000}}
{"timestamp":"2026-09-18T16:04:29.925Z","level":"info","message":"[TranscriberWorker] Single centralized MTProto incoming message handler registered successfully"}
{"timestamp":"2026-09-18T16:04:29.920Z","level":"info","message":"[JOB CREATED] Job saved to SQLite","context":{"id":1,"status":"completed","chat_id":"-1001892345678","message_id":1042}}
{"timestamp":"2026-09-18T16:04:29.921Z","level":"info","message":"[JOB CREATED] Job saved to SQLite","context":{"id":2,"status":"waiting_transcription","chat_id":"-1001892345678","message_id":1043}}
{"timestamp":"2026-09-18T16:04:29.922Z","level":"info","message":"[JOB CREATED] Job saved to SQLite","context":{"id":3,"status":"processing","chat_id":"-1001998877665","message_id":2011}}
{"timestamp":"2026-09-18T16:04:30.121Z","level":"info","message":"Telegram Voice Transcriber Server running on http://0.0.0.0:3000","context":{"port":3000,"environment":"development","database":"data/transcriber.db"}}
{"timestamp":"2026-09-18T16:04:30.927Z","level":"info","message":"[JOB PROCESSING] Worker picked up pending voice job","context":{"job_id":4,"chat_id":"-1001998877665","message_id":2012,"local_file_path":"/tmp/voice_sample_4.ogg","attempts":0}}
{"timestamp":"2026-09-18T16:04:30.928Z","level":"error","message":"[JOB FAILED] Voice file not found locally on disk","context":{"job_id":4,"chat_id":"-1001998877665","message_id":2012,"local_file_path":"/tmp/voice_sample_4.ogg","error":"Voice file not found at local path: /tmp/voice_sample_4.ogg"}}
{"timestamp":"2026-09-18T16:04:30.929Z","level":"error","message":"[JOB FAILED] Worker failed during job processing","context":{"job_id":4,"chat_id":"-1001998877665","message_id":2012},"error":"Voice file not found at local path: /tmp/voice_sample_4.ogg","stack":"Error: Voice file not found at local path: /tmp/voice_sample_4.ogg\n    at TranscriberWorkerService.sendVoiceAndAwaitTranscription (/app/applet/src/transcriber/worker.ts:418:29)\n    at TranscriberWorkerService.processPendingQueue (/app/applet/src/transcriber/worker.ts:592:18)\n    at async Timeout._onTimeout (/app/applet/src/transcriber/worker.ts:552:9)"}
{"timestamp":"2026-09-18T16:06:28.019Z","level":"error","message":"MTProto authorization error","error":"[object Object]"}
{"timestamp":"2026-09-18T16:12:20.889Z","level":"info","message":"[RECOVERY] Recovered 1 interrupted processing jobs back to pending"}
{"timestamp":"2026-09-18T16:12:20.891Z","level":"info","message":"[RECOVERY] Recovered 1 interrupted waiting_transcription jobs back to pending (attempts incremented)"}
{"timestamp":"2026-09-18T16:12:20.891Z","level":"info","message":"Database initialized successfully","context":{"path":"/app/applet/data/transcriber.db"}}
{"timestamp":"2026-09-18T16:12:20.892Z","level":"info","message":"[TranscriberWorker] Starting centralized MTProto worker service","context":{"bot_target":"speech_transcriber_bot","timeout_seconds":180,"poll_interval_ms":1000}}
{"timestamp":"2026-09-18T16:12:20.892Z","level":"info","message":"[TranscriberWorker] Single centralized MTProto incoming message handler registered successfully"}
{"timestamp":"2026-09-18T16:12:21.074Z","level":"info","message":"Telegram Voice Transcriber Server running on http://0.0.0.0:3000","context":{"port":3000,"environment":"development","database":"data/transcriber.db"}}
{"timestamp":"2026-09-18T16:12:21.895Z","level":"info","message":"[JOB PROCESSING] Worker picked up pending voice job","context":{"job_id":3,"chat_id":"-1001998877665","message_id":2011,"local_file_path":"/tmp/voice_sample_3.ogg","attempts":0}}
{"timestamp":"2026-09-18T16:12:21.896Z","level":"error","message":"[JOB FAILED] Voice file not found locally on disk","context":{"job_id":3,"chat_id":"-1001998877665","message_id":2011,"local_file_path":"/tmp/voice_sample_3.ogg","error":"Voice file not found at local path: /tmp/voice_sample_3.ogg"}}
{"timestamp":"2026-09-18T16:12:21.898Z","level":"error","message":"[JOB FAILED] Worker failed during job processing","context":{"job_id":3,"chat_id":"-1001998877665","message_id":2011},"error":"Voice file not found at local path: /tmp/voice_sample_3.ogg","stack":"Error: Voice file not found at local path: /tmp/voice_sample_3.ogg\n    at TranscriberWorkerService.sendVoiceAndAwaitTranscription (/app/applet/src/transcriber/worker.ts:418:29)\n    at TranscriberWorkerService.processPendingQueue (/app/applet/src/transcriber/worker.ts:592:18)\n    at async Timeout._onTimeout (/app/applet/src/transcriber/worker.ts:552:9)"}
{"timestamp":"2026-09-18T16:12:22.896Z","level":"info","message":"[JOB PROCESSING] Worker picked up pending voice job","context":{"job_id":2,"chat_id":"-1001892345678","message_id":1043,"local_file_path":"/tmp/voice_sample_2.ogg","attempts":1}}
{"timestamp":"2026-09-18T16:12:22.896Z","level":"error","message":"[JOB FAILED] Voice file not found locally on disk","context":{"job_id":2,"chat_id":"-1001892345678","message_id":1043,"local_file_path":"/tmp/voice_sample_2.ogg","error":"Voice file not found at local path: /tmp/voice_sample_2.ogg"}}
{"timestamp":"2026-09-18T16:12:22.898Z","level":"error","message":"[JOB FAILED] Worker failed during job processing","context":{"job_id":2,"chat_id":"-1001892345678","message_id":1043},"error":"Voice file not found at local path: /tmp/voice_sample_2.ogg","stack":"Error: Voice file not found at local path: /tmp/voice_sample_2.ogg\n    at TranscriberWorkerService.sendVoiceAndAwaitTranscription (/app/applet/src/transcriber/worker.ts:418:29)\n    at TranscriberWorkerService.processPendingQueue (/app/applet/src/transcriber/worker.ts:592:18)\n    at async Timeout._onTimeout (/app/applet/src/transcriber/worker.ts:552:9)"}
