[2026-09-19T11:46:41.494Z] [INFO] SQLite database schema verified
[2026-09-19T11:46:41.495Z] [INFO] [TranscriberWorker] Starting centralized MTProto worker service {"bot_target":"speech_transcriber_bot","timeout_seconds":180,"poll_interval_ms":1000}
[2026-09-19T11:46:41.495Z] [ERROR] [TranscriberWorker] Failed to connect MTProto client on start {"error":"[object Object]"}
[2026-09-19T11:46:41.495Z] [INFO] [TranscriberWorker] Single centralized MTProto incoming message handler registered successfully
[2026-09-19T11:46:41.495Z] [INFO] Transcriber background worker initialized
[2026-09-19T11:46:41.747Z] [INFO] Telegram Voice Transcriber running on http://0.0.0.0:3000
[2026-09-19T11:46:42.498Z] [INFO] [JOB PROCESSING] Worker picked up pending voice job {"job_id":2,"chat_id":"-1001892345678","message_id":1043,"local_file_path":"/tmp/voice_sample_2.ogg","attempts":1}
[2026-09-19T11:46:42.499Z] [ERROR] [JOB FAILED] Voice file not found locally on disk {"job_id":2,"chat_id":"-1001892345678","message_id":1043,"local_file_path":"/tmp/voice_sample_2.ogg","error":"Voice file not found at local path: /tmp/voice_sample_2.ogg"}
[2026-09-19T11:46:42.503Z] [ERROR] [JOB FAILED] Worker failed during job processing {"error":"Voice file not found at local path: /tmp/voice_sample_2.ogg","stack":"Error: Voice file not found at local path: /tmp/voice_sample_2.ogg\n    at TranscriberWorkerService.sendVoiceAndAwaitTranscription (/app/applet/src/transcriber/worker.ts:386:13)\n    at async TranscriberWorkerService.processPendingQueue (/app/applet/src/transcriber/worker.ts:599:7)\n    at async Timeout._onTimeout (/app/applet/src/transcriber/worker.ts:559:9)","job_id":2,"chat_id":"-1001892345678","message_id":1043}
[2026-09-19T11:46:45.992Z] [DEBUG] GET /api/status
[2026-09-19T11:46:48.468Z] [DEBUG] GET /api/admin/metrics
[2026-09-19T11:46:50.936Z] [DEBUG] GET /
[2026-09-19T11:47:11.959Z] [INFO] SQLite database schema verified
[2026-09-19T11:47:11.959Z] [INFO] [TranscriberWorker] Starting centralized MTProto worker service {"bot_target":"speech_transcriber_bot","timeout_seconds":180,"poll_interval_ms":1000}
[2026-09-19T11:47:11.960Z] [ERROR] [TranscriberWorker] Failed to connect MTProto client on start {"error":"[object Object]"}
[2026-09-19T11:47:11.960Z] [INFO] [TranscriberWorker] Single centralized MTProto incoming message handler registered successfully
[2026-09-19T11:47:11.960Z] [INFO] Transcriber background worker initialized
[2026-09-19T11:47:12.203Z] [INFO] Telegram Voice Transcriber running on http://0.0.0.0:3000
[2026-09-19T11:47:13.129Z] [DEBUG] GET /
[2026-09-19T11:47:26.223Z] [DEBUG] GET /
[2026-09-19T11:47:27.162Z] [DEBUG] GET /api/admin/metrics
[2026-09-19T11:47:27.252Z] [DEBUG] GET /api/admin/metrics
[2026-09-19T11:47:32.166Z] [DEBUG] GET /api/admin/metrics
[2026-09-19T11:47:37.164Z] [DEBUG] GET /api/admin/metrics
[2026-09-19T11:47:42.164Z] [DEBUG] GET /api/admin/metrics
[2026-09-19T11:47:47.166Z] [DEBUG] GET /api/admin/metrics
[2026-09-19T11:47:52.163Z] [DEBUG] GET /api/admin/metrics
[2026-09-19T11:47:57.166Z] [DEBUG] GET /api/admin/metrics
[2026-09-19T11:48:02.164Z] [DEBUG] GET /api/admin/metrics
[2026-09-19T11:48:07.166Z] [DEBUG] GET /api/admin/metrics
[2026-09-19T11:48:12.164Z] [DEBUG] GET /api/admin/metrics
[2026-09-19T11:48:17.172Z] [DEBUG] GET /api/admin/metrics
[2026-09-19T11:48:22.165Z] [DEBUG] GET /api/admin/metrics
[2026-09-19T11:48:27.163Z] [DEBUG] GET /api/admin/metrics
[2026-09-19T11:48:32.166Z] [DEBUG] GET /api/admin/metrics
[2026-09-19T11:48:37.167Z] [DEBUG] GET /api/admin/metrics
[2026-09-19T11:48:42.165Z] [DEBUG] GET /api/admin/metrics
[2026-09-19T11:48:47.163Z] [DEBUG] GET /api/admin/metrics
[2026-09-19T11:48:52.166Z] [DEBUG] GET /api/admin/metrics
[2026-09-19T11:48:58.037Z] [DEBUG] GET /api/admin/metrics
[2026-09-19T11:49:03.127Z] [DEBUG] GET /api/admin/metrics
[2026-09-19T11:49:08.127Z] [DEBUG] GET /api/admin/metrics
[2026-09-19T11:49:13.125Z] [DEBUG] GET /api/admin/metrics
[2026-09-19T11:49:15.742Z] [INFO] SQLite database schema verified
[2026-09-19T11:49:15.742Z] [INFO] [TranscriberWorker] Starting centralized MTProto worker service {"bot_target":"speech_transcriber_bot","timeout_seconds":180,"poll_interval_ms":1000}
[2026-09-19T11:49:15.743Z] [ERROR] [TranscriberWorker] Failed to connect MTProto client on start {"error":"[object Object]"}
[2026-09-19T11:49:15.743Z] [INFO] [TranscriberWorker] Single centralized MTProto incoming message handler registered successfully
[2026-09-19T11:49:15.743Z] [INFO] Transcriber background worker initialized
[2026-09-19T11:49:15.976Z] [INFO] Telegram Voice Transcriber running on http://0.0.0.0:3000
[2026-09-19T11:49:16.881Z] [DEBUG] GET /
[2026-09-19T11:49:18.053Z] [DEBUG] GET /
[2026-09-19T11:49:18.126Z] [DEBUG] GET /api/admin/metrics
[2026-09-19T11:49:18.515Z] [DEBUG] GET /api/admin/metrics
[2026-09-19T11:49:18.603Z] [DEBUG] GET /api/admin/metrics
[2026-09-19T11:49:23.516Z] [DEBUG] GET /api/admin/metrics
[2026-09-19T11:49:28.516Z] [DEBUG] GET /api/admin/metrics
[2026-09-19T11:49:33.517Z] [DEBUG] GET /api/admin/metrics
[2026-09-19T11:49:38.517Z] [DEBUG] GET /api/admin/metrics
[2026-09-19T11:49:44.149Z] [DEBUG] GET /api/admin/metrics
[2026-09-19T11:49:49.128Z] [DEBUG] GET /api/admin/metrics
[2026-09-19T11:49:54.124Z] [DEBUG] GET /api/admin/metrics
[2026-09-19T11:49:59.124Z] [DEBUG] GET /api/admin/metrics
[2026-09-19T11:50:04.126Z] [DEBUG] GET /api/admin/metrics
[2026-09-19T11:50:09.125Z] [DEBUG] GET /api/admin/metrics
[2026-09-19T11:50:14.125Z] [DEBUG] GET /api/admin/metrics
[2026-09-19T11:50:18.521Z] [DEBUG] GET /api/admin/metrics
[2026-09-19T11:50:23.518Z] [DEBUG] GET /api/admin/metrics
[2026-09-19T11:50:28.518Z] [DEBUG] GET /api/admin/metrics
[2026-09-19T11:50:33.518Z] [DEBUG] GET /api/admin/metrics
[2026-09-19T11:50:38.518Z] [DEBUG] GET /api/admin/metrics
[2026-09-19T11:50:43.517Z] [DEBUG] GET /api/admin/metrics
[2026-09-19T11:50:48.517Z] [DEBUG] GET /api/admin/metrics
[2026-09-19T11:50:53.519Z] [DEBUG] GET /api/admin/metrics
[2026-09-19T11:50:58.520Z] [DEBUG] GET /api/admin/metrics
[2026-09-19T11:51:03.520Z] [DEBUG] GET /api/admin/metrics
[2026-09-19T11:51:08.519Z] [DEBUG] GET /api/admin/metrics
[2026-09-19T11:51:13.522Z] [DEBUG] GET /api/admin/metrics
[2026-09-19T11:51:18.519Z] [DEBUG] GET /api/admin/metrics
[2026-09-19T11:51:23.519Z] [DEBUG] GET /api/admin/metrics
[2026-09-19T11:51:28.522Z] [DEBUG] GET /api/admin/metrics
[2026-09-19T11:51:33.519Z] [DEBUG] GET /api/admin/metrics
[2026-09-19T11:51:38.521Z] [DEBUG] GET /api/admin/metrics
[2026-09-19T11:51:44.128Z] [DEBUG] GET /api/admin/metrics
[2026-09-19T11:51:49.129Z] [DEBUG] GET /api/admin/metrics
[2026-09-19T11:51:54.126Z] [DEBUG] GET /api/admin/metrics
[2026-09-19T11:51:59.127Z] [DEBUG] GET /api/admin/metrics
[2026-09-19T11:52:04.128Z] [DEBUG] GET /api/admin/metrics
[2026-09-19T11:52:09.129Z] [DEBUG] GET /api/admin/metrics
[2026-09-19T11:52:14.130Z] [DEBUG] GET /api/admin/metrics
[2026-09-19T11:52:19.128Z] [DEBUG] GET /api/admin/metrics
[2026-09-19T11:52:24.129Z] [DEBUG] GET /api/admin/metrics
[2026-09-19T11:52:29.935Z] [DEBUG] GET /api/admin/metrics
[2026-09-19T11:52:33.522Z] [DEBUG] GET /api/admin/metrics
[2026-09-19T11:52:38.522Z] [DEBUG] GET /api/admin/metrics
[2026-09-19T11:52:43.521Z] [DEBUG] GET /api/admin/metrics
[2026-09-19T11:52:49.134Z] [DEBUG] GET /api/admin/metrics
[2026-09-19T11:52:54.130Z] [DEBUG] GET /api/admin/metrics
[2026-09-19T11:52:59.132Z] [DEBUG] GET /api/admin/metrics
[2026-09-19T11:53:05.056Z] [INFO] SQLite database schema verified
[2026-09-19T11:53:05.057Z] [INFO] [TranscriberWorker] Starting centralized MTProto worker service {"bot_target":"speech_transcriber_bot","timeout_seconds":180,"poll_interval_ms":1000}
[2026-09-19T11:53:05.057Z] [ERROR] [TranscriberWorker] Failed to connect MTProto client on start {"error":"[object Object]"}
[2026-09-19T11:53:05.057Z] [INFO] [TranscriberWorker] Single centralized MTProto incoming message handler registered successfully
[2026-09-19T11:53:05.058Z] [INFO] Transcriber background worker initialized
[2026-09-19T11:53:05.286Z] [INFO] Telegram Voice Transcriber running on http://0.0.0.0:3000
[2026-09-19T11:53:08.649Z] [DEBUG] GET /api/status
[2026-09-19T11:53:09.129Z] [DEBUG] GET /api/admin/metrics
[2026-09-19T11:53:14.503Z] [INFO] SQLite database schema verified
[2026-09-19T11:53:14.504Z] [INFO] [TranscriberWorker] Starting centralized MTProto worker service {"bot_target":"speech_transcriber_bot","timeout_seconds":180,"poll_interval_ms":1000}
[2026-09-19T11:53:14.504Z] [ERROR] [TranscriberWorker] Failed to connect MTProto client on start {"error":"[object Object]"}
[2026-09-19T11:53:14.504Z] [INFO] [TranscriberWorker] Single centralized MTProto incoming message handler registered successfully
[2026-09-19T11:53:14.504Z] [INFO] Transcriber background worker initialized
[2026-09-19T11:53:14.746Z] [INFO] Telegram Voice Transcriber running on http://0.0.0.0:3000
[2026-09-19T11:53:15.747Z] [DEBUG] GET /
[2026-09-19T11:53:19.136Z] [DEBUG] GET /api/admin/metrics
[2026-09-19T11:53:19.620Z] [DEBUG] GET /
[2026-09-19T11:53:20.445Z] [DEBUG] GET /api/admin/metrics
[2026-09-19T11:53:20.534Z] [DEBUG] GET /api/admin/metrics
[2026-09-19T11:53:25.447Z] [DEBUG] GET /api/admin/metrics
[2026-09-19T11:53:30.448Z] [DEBUG] GET /api/admin/metrics
[2026-09-19T11:53:35.448Z] [DEBUG] GET /api/admin/metrics
[2026-09-19T11:53:40.448Z] [DEBUG] GET /api/admin/metrics
[2026-09-19T11:53:45.447Z] [DEBUG] GET /api/admin/metrics
[2026-09-19T11:53:50.446Z] [DEBUG] GET /api/admin/metrics
[2026-09-19T11:53:55.446Z] [DEBUG] GET /api/admin/metrics
[2026-09-19T11:54:00.445Z] [DEBUG] GET /api/admin/metrics
[2026-09-19T11:54:06.130Z] [DEBUG] GET /api/admin/metrics
[2026-09-19T11:54:11.128Z] [DEBUG] GET /api/admin/metrics
[2026-09-19T11:54:15.449Z] [DEBUG] GET /api/admin/metrics
[2026-09-19T11:54:20.448Z] [DEBUG] GET /api/admin/metrics
[2026-09-19T11:54:26.132Z] [DEBUG] GET /api/admin/metrics
[2026-09-19T11:54:31.131Z] [DEBUG] GET /api/admin/metrics
[2026-09-19T11:54:36.132Z] [DEBUG] GET /api/admin/metrics
[2026-09-19T11:54:41.131Z] [DEBUG] GET /api/admin/metrics
[2026-09-19T11:54:45.447Z] [DEBUG] GET /api/admin/metrics
[2026-09-19T11:54:50.449Z] [DEBUG] GET /api/admin/metrics
[2026-09-19T11:54:56.132Z] [DEBUG] GET /api/admin/metrics
[2026-09-19T11:55:01.133Z] [DEBUG] GET /api/admin/metrics
[2026-09-19T11:55:06.129Z] [DEBUG] GET /api/admin/metrics
[2026-09-19T11:55:08.828Z] [DEBUG] POST /api/telegram/webhook
[2026-09-19T11:55:08.828Z] [INFO] Received voice message via Telegram webhook in chat -1001234567890 {"chatId":"-1001234567890","messageId":999,"senderId":"12345678","fileId":"AwACAgIAAxkBAAIBZ2VtestVoiceFileId123456789"}
[2026-09-19T11:55:09.590Z] [INFO] [JOB PROCESSING] Worker picked up pending voice job {"job_id":6,"chat_id":"-1001234567890","message_id":999,"local_file_path":"/tmp/voice_1789818908828_999.ogg","attempts":0}
[2026-09-19T11:55:09.591Z] [ERROR] [JOB FAILED] Voice file not found locally on disk {"job_id":6,"chat_id":"-1001234567890","message_id":999,"local_file_path":"/tmp/voice_1789818908828_999.ogg","error":"Voice file not found at local path: /tmp/voice_1789818908828_999.ogg"}
[2026-09-19T11:55:09.595Z] [ERROR] [JOB FAILED] Worker failed during job processing {"error":"Voice file not found at local path: /tmp/voice_1789818908828_999.ogg","stack":"Error: Voice file not found at local path: /tmp/voice_1789818908828_999.ogg\n    at TranscriberWorkerService.sendVoiceAndAwaitTranscription (/app/applet/src/transcriber/worker.ts:386:13)\n    at async TranscriberWorkerService.processPendingQueue (/app/applet/src/transcriber/worker.ts:599:7)\n    at async Timeout._onTimeout (/app/applet/src/transcriber/worker.ts:559:9)","job_id":6,"chat_id":"-1001234567890","message_id":999}
[2026-09-19T11:55:11.129Z] [DEBUG] GET /api/admin/metrics
[2026-09-19T11:55:16.133Z] [DEBUG] GET /api/admin/metrics
[2026-09-19T11:55:19.275Z] [DEBUG] POST /api/telegram/webhook
